Fitter report for Project
Tue May 25 21:50:23 2021
Quartus Prime Version 19.1.0 Build 670 09/22/2019 SJ Lite Edition


---------------------
; Table of Contents ;
---------------------
  1. Legal Notice
  2. Fitter Summary
  3. Fitter Settings
  4. Parallel Compilation
  5. Pin-Out File
  6. Fitter Resource Usage Summary
  7. Input Pins
  8. Output Pins
  9. I/O Bank Usage
 10. All Package Pins
 11. Output Pin Default Load For Reported TCO
 12. I/O Assignment Warnings
 13. Fitter Resource Utilization by Entity
 14. Delay Chain Summary
 15. Routing Usage Summary
 16. LAB Logic Elements
 17. LAB Signals Sourced
 18. LAB Signals Sourced Out
 19. LAB Distinct Inputs
 20. Fitter Device Options
 21. Fitter Messages
 22. Fitter Suppressed Messages



----------------
; Legal Notice ;
----------------
Copyright (C) 2019  Intel Corporation. All rights reserved.
Your use of Intel Corporation's design tools, logic functions 
and other software and tools, and any partner logic 
functions, and any output files from any of the foregoing 
(including device programming or simulation files), and any 
associated documentation or information are expressly subject 
to the terms and conditions of the Intel Program License 
Subscription Agreement, the Intel Quartus Prime License Agreement,
the Intel FPGA IP License Agreement, or other applicable license
agreement, including, without limitation, that your use is for
the sole purpose of programming logic devices manufactured by
Intel and sold by Intel or its authorized distributors.  Please
refer to the applicable agreement for further details, at
https://fpgasoftware.intel.com/eula.



+---------------------------------------------------------------------+
; Fitter Summary                                                      ;
+-----------------------+---------------------------------------------+
; Fitter Status         ; Successful - Tue May 25 21:50:23 2021       ;
; Quartus Prime Version ; 19.1.0 Build 670 09/22/2019 SJ Lite Edition ;
; Revision Name         ; Project                                     ;
; Top-level Entity Name ; ALU16                                       ;
; Family                ; MAX V                                       ;
; Device                ; 5M160ZT100C4                                ;
; Timing Models         ; Final                                       ;
; Total logic elements  ; 92 / 160 ( 57 % )                           ;
; Total pins            ; 53 / 79 ( 67 % )                            ;
; Total virtual pins    ; 0                                           ;
; UFM blocks            ; 0 / 1 ( 0 % )                               ;
+-----------------------+---------------------------------------------+


+--------------------------------------------------------------------------------------------------------------------------------------+
; Fitter Settings                                                                                                                      ;
+--------------------------------------------------------------------+--------------------------------+--------------------------------+
; Option                                                             ; Setting                        ; Default Value                  ;
+--------------------------------------------------------------------+--------------------------------+--------------------------------+
; Device                                                             ; auto                           ;                                ;
; Fit Attempts to Skip                                               ; 0                              ; 0.0                            ;
; Use smart compilation                                              ; Off                            ; Off                            ;
; Enable parallel Assembler and Timing Analyzer during compilation   ; On                             ; On                             ;
; Enable compact report table                                        ; Off                            ; Off                            ;
; Router Timing Optimization Level                                   ; Normal                         ; Normal                         ;
; Placement Effort Multiplier                                        ; 1.0                            ; 1.0                            ;
; Router Effort Multiplier                                           ; 1.0                            ; 1.0                            ;
; Always Enable Input Buffers                                        ; Off                            ; Off                            ;
; Optimize Hold Timing                                               ; IO Paths and Minimum TPD Paths ; IO Paths and Minimum TPD Paths ;
; Optimize Multi-Corner Timing                                       ; Off                            ; Off                            ;
; Guarantee I/O Paths Have Zero Hold Time at Fast Corner             ; On                             ; On                             ;
; Power Optimization During Fitting                                  ; Normal compilation             ; Normal compilation             ;
; Optimize Timing                                                    ; Normal compilation             ; Normal compilation             ;
; Optimize Timing for ECOs                                           ; Off                            ; Off                            ;
; Regenerate Full Fit Report During ECO Compiles                     ; Off                            ; Off                            ;
; Optimize IOC Register Placement for Timing                         ; Normal                         ; Normal                         ;
; Limit to One Fitting Attempt                                       ; Off                            ; Off                            ;
; Final Placement Optimizations                                      ; Automatically                  ; Automatically                  ;
; Fitter Aggressive Routability Optimizations                        ; Automatically                  ; Automatically                  ;
; Fitter Initial Placement Seed                                      ; 1                              ; 1                              ;
; Periphery to Core Placement and Routing Optimization               ; Off                            ; Off                            ;
; Slow Slew Rate                                                     ; Off                            ; Off                            ;
; PCI I/O                                                            ; Off                            ; Off                            ;
; Weak Pull-Up Resistor                                              ; Off                            ; Off                            ;
; Enable Bus-Hold Circuitry                                          ; Off                            ; Off                            ;
; Auto Delay Chains                                                  ; On                             ; On                             ;
; Auto Delay Chains for High Fanout Input Pins                       ; Off                            ; Off                            ;
; Perform Physical Synthesis for Combinational Logic for Performance ; Off                            ; Off                            ;
; Perform Register Duplication for Performance                       ; Off                            ; Off                            ;
; Perform Register Retiming for Performance                          ; Off                            ; Off                            ;
; Perform Asynchronous Signal Pipelining                             ; Off                            ; Off                            ;
; Fitter Effort                                                      ; Auto Fit                       ; Auto Fit                       ;
; Physical Synthesis Effort Level                                    ; Normal                         ; Normal                         ;
; Logic Cell Insertion - Logic Duplication                           ; Auto                           ; Auto                           ;
; Auto Register Duplication                                          ; Auto                           ; Auto                           ;
; Auto Global Clock                                                  ; On                             ; On                             ;
; Auto Global Register Control Signals                               ; On                             ; On                             ;
; Force Fitter to Avoid Periphery Placement Warnings                 ; Off                            ; Off                            ;
+--------------------------------------------------------------------+--------------------------------+--------------------------------+


+------------------------------------------+
; Parallel Compilation                     ;
+----------------------------+-------------+
; Processors                 ; Number      ;
+----------------------------+-------------+
; Number detected on machine ; 16          ;
; Maximum allowed            ; 16          ;
;                            ;             ;
; Average used               ; 1.00        ;
; Maximum used               ; 1           ;
;                            ;             ;
; Usage by Processor         ; % Time Used ;
;     Processor 1            ; 100.0%      ;
+----------------------------+-------------+


+--------------+
; Pin-Out File ;
+--------------+
The pin-out file can be found in C:/Users/Anastasis/OneDrive/Desktop/ALU_Project/output_files/Project.pin.


+-------------------------------------------------------------------+
; Fitter Resource Usage Summary                                     ;
+---------------------------------------------+---------------------+
; Resource                                    ; Usage               ;
+---------------------------------------------+---------------------+
; Total logic elements                        ; 92 / 160 ( 57 % )   ;
;     -- Combinational with no register       ; 92                  ;
;     -- Register only                        ; 0                   ;
;     -- Combinational with a register        ; 0                   ;
;                                             ;                     ;
; Logic element usage by number of LUT inputs ;                     ;
;     -- 4 input functions                    ; 63                  ;
;     -- 3 input functions                    ; 28                  ;
;     -- 2 input functions                    ; 1                   ;
;     -- 1 input functions                    ; 0                   ;
;     -- 0 input functions                    ; 0                   ;
;                                             ;                     ;
; Logic elements by mode                      ;                     ;
;     -- normal mode                          ; 92                  ;
;     -- arithmetic mode                      ; 0                   ;
;     -- qfbk mode                            ; 0                   ;
;     -- register cascade mode                ; 0                   ;
;     -- synchronous clear/load mode          ; 0                   ;
;     -- asynchronous clear/load mode         ; 0                   ;
;                                             ;                     ;
; Total registers                             ; 0 / 160 ( 0 % )     ;
; Total LABs                                  ; 10 / 16 ( 63 % )    ;
; Logic elements in carry chains              ; 0                   ;
; Virtual pins                                ; 0                   ;
; I/O pins                                    ; 53 / 79 ( 67 % )    ;
;     -- Clock pins                           ; 3 / 4 ( 75 % )      ;
;                                             ;                     ;
; UFM blocks                                  ; 0 / 1 ( 0 % )       ;
;                                             ;                     ;
;     -- Total Fixed Point DSP Blocks         ; 0                   ;
;     -- Total Floating Point DSP Blocks      ; 0                   ;
;                                             ;                     ;
; Global signals                              ; 0                   ;
;     -- Global clocks                        ; 0 / 4 ( 0 % )       ;
; JTAGs                                       ; 0 / 1 ( 0 % )       ;
; Average interconnect usage (total/H/V)      ; 8.1% / 6.0% / 10.3% ;
; Peak interconnect usage (total/H/V)         ; 8.1% / 6.0% / 10.3% ;
; Maximum fan-out                             ; 37                  ;
; Highest non-global fan-out                  ; 37                  ;
; Total fan-out                               ; 356                 ;
; Average fan-out                             ; 2.46                ;
+---------------------------------------------+---------------------+


+------------------------------------------------------------------------------------------------------------------------------------------------------------------------------------------------------------------------------------------+
; Input Pins                                                                                                                                                                                                                               ;
+------------------+-------+----------+--------------+--------------+-------------+-----------------------+--------------------+--------+-----------------+----------+--------------+--------------+----------------------+----------------+
; Name             ; Pin # ; I/O Bank ; X coordinate ; Y coordinate ; Cell number ; Combinational Fan-Out ; Registered Fan-Out ; Global ; PCI I/O Enabled ; Bus Hold ; Weak Pull Up ; I/O Standard ; Location assigned by ; Slow Slew Rate ;
+------------------+-------+----------+--------------+--------------+-------------+-----------------------+--------------------+--------+-----------------+----------+--------------+--------------+----------------------+----------------+
; a[0]             ; 97    ; 2        ; 3            ; 5            ; 3           ; 2                     ; 0                  ; no     ; no              ; no       ; Off          ; 3.3-V LVTTL  ; Fitter               ; no             ;
; a[10]            ; 77    ; 2        ; 7            ; 5            ; 2           ; 3                     ; 0                  ; no     ; no              ; no       ; Off          ; 3.3-V LVTTL  ; Fitter               ; no             ;
; a[11]            ; 84    ; 2        ; 6            ; 5            ; 3           ; 2                     ; 0                  ; no     ; no              ; no       ; Off          ; 3.3-V LVTTL  ; Fitter               ; no             ;
; a[12]            ; 48    ; 1        ; 6            ; 0            ; 0           ; 3                     ; 0                  ; no     ; no              ; no       ; Off          ; 3.3-V LVTTL  ; Fitter               ; no             ;
; a[13]            ; 52    ; 2        ; 8            ; 1            ; 4           ; 2                     ; 0                  ; no     ; no              ; no       ; Off          ; 3.3-V LVTTL  ; Fitter               ; no             ;
; a[14]            ; 51    ; 1        ; 7            ; 0            ; 0           ; 3                     ; 0                  ; no     ; no              ; no       ; Off          ; 3.3-V LVTTL  ; Fitter               ; no             ;
; a[15]            ; 53    ; 2        ; 8            ; 1            ; 3           ; 3                     ; 0                  ; no     ; no              ; no       ; Off          ; 3.3-V LVTTL  ; Fitter               ; no             ;
; a[1]             ; 37    ; 1        ; 4            ; 0            ; 1           ; 2                     ; 0                  ; no     ; no              ; no       ; Off          ; 3.3-V LVTTL  ; Fitter               ; no             ;
; a[2]             ; 33    ; 1        ; 3            ; 0            ; 2           ; 3                     ; 0                  ; no     ; no              ; no       ; Off          ; 3.3-V LVTTL  ; Fitter               ; no             ;
; a[3]             ; 15    ; 1        ; 1            ; 2            ; 1           ; 2                     ; 0                  ; no     ; no              ; no       ; Off          ; 3.3-V LVTTL  ; Fitter               ; no             ;
; a[4]             ; 16    ; 1        ; 1            ; 2            ; 2           ; 3                     ; 0                  ; no     ; no              ; no       ; Off          ; 3.3-V LVTTL  ; Fitter               ; no             ;
; a[5]             ; 95    ; 2        ; 3            ; 5            ; 1           ; 2                     ; 0                  ; no     ; no              ; no       ; Off          ; 3.3-V LVTTL  ; Fitter               ; no             ;
; a[6]             ; 89    ; 2        ; 4            ; 5            ; 0           ; 3                     ; 0                  ; no     ; no              ; no       ; Off          ; 3.3-V LVTTL  ; Fitter               ; no             ;
; a[7]             ; 90    ; 2        ; 4            ; 5            ; 1           ; 2                     ; 0                  ; no     ; no              ; no       ; Off          ; 3.3-V LVTTL  ; Fitter               ; no             ;
; a[8]             ; 68    ; 2        ; 8            ; 3            ; 1           ; 3                     ; 0                  ; no     ; no              ; no       ; Off          ; 3.3-V LVTTL  ; Fitter               ; no             ;
; a[9]             ; 67    ; 2        ; 8            ; 3            ; 2           ; 2                     ; 0                  ; no     ; no              ; no       ; Off          ; 3.3-V LVTTL  ; Fitter               ; no             ;
; b[0]             ; 64    ; 2        ; 8            ; 3            ; 4           ; 3                     ; 0                  ; no     ; no              ; no       ; Off          ; 3.3-V LVTTL  ; Fitter               ; no             ;
; b[10]            ; 83    ; 2        ; 6            ; 5            ; 2           ; 2                     ; 0                  ; no     ; no              ; no       ; Off          ; 3.3-V LVTTL  ; Fitter               ; no             ;
; b[11]            ; 61    ; 2        ; 8            ; 2            ; 1           ; 1                     ; 0                  ; no     ; no              ; no       ; Off          ; 3.3-V LVTTL  ; Fitter               ; no             ;
; b[12]            ; 54    ; 2        ; 8            ; 1            ; 2           ; 2                     ; 0                  ; no     ; no              ; no       ; Off          ; 3.3-V LVTTL  ; Fitter               ; no             ;
; b[13]            ; 87    ; 2        ; 5            ; 5            ; 2           ; 1                     ; 0                  ; no     ; no              ; no       ; Off          ; 3.3-V LVTTL  ; Fitter               ; no             ;
; b[14]            ; 40    ; 1        ; 5            ; 0            ; 2           ; 2                     ; 0                  ; no     ; no              ; no       ; Off          ; 3.3-V LVTTL  ; Fitter               ; no             ;
; b[15]            ; 88    ; 2        ; 5            ; 5            ; 3           ; 1                     ; 0                  ; no     ; no              ; no       ; Off          ; 3.3-V LVTTL  ; Fitter               ; no             ;
; b[1]             ; 85    ; 2        ; 5            ; 5            ; 0           ; 1                     ; 0                  ; no     ; no              ; no       ; Off          ; 3.3-V LVTTL  ; Fitter               ; no             ;
; b[2]             ; 38    ; 1        ; 4            ; 0            ; 0           ; 2                     ; 0                  ; no     ; no              ; no       ; Off          ; 3.3-V LVTTL  ; Fitter               ; no             ;
; b[3]             ; 86    ; 2        ; 5            ; 5            ; 1           ; 1                     ; 0                  ; no     ; no              ; no       ; Off          ; 3.3-V LVTTL  ; Fitter               ; no             ;
; b[4]             ; 14    ; 1        ; 1            ; 2            ; 0           ; 2                     ; 0                  ; no     ; no              ; no       ; Off          ; 3.3-V LVTTL  ; Fitter               ; no             ;
; b[5]             ; 21    ; 1        ; 1            ; 1            ; 3           ; 1                     ; 0                  ; no     ; no              ; no       ; Off          ; 3.3-V LVTTL  ; Fitter               ; no             ;
; b[6]             ; 92    ; 2        ; 3            ; 5            ; 0           ; 2                     ; 0                  ; no     ; no              ; no       ; Off          ; 3.3-V LVTTL  ; Fitter               ; no             ;
; b[7]             ; 82    ; 2        ; 6            ; 5            ; 1           ; 1                     ; 0                  ; no     ; no              ; no       ; Off          ; 3.3-V LVTTL  ; Fitter               ; no             ;
; b[8]             ; 69    ; 2        ; 8            ; 3            ; 0           ; 2                     ; 0                  ; no     ; no              ; no       ; Off          ; 3.3-V LVTTL  ; Fitter               ; no             ;
; b[9]             ; 55    ; 2        ; 8            ; 1            ; 1           ; 1                     ; 0                  ; no     ; no              ; no       ; Off          ; 3.3-V LVTTL  ; Fitter               ; no             ;
; operationCode[0] ; 35    ; 1        ; 3            ; 0            ; 0           ; 20                    ; 0                  ; no     ; no              ; no       ; Off          ; 3.3-V LVTTL  ; Fitter               ; no             ;
; operationCode[1] ; 34    ; 1        ; 3            ; 0            ; 1           ; 37                    ; 0                  ; no     ; no              ; no       ; Off          ; 3.3-V LVTTL  ; Fitter               ; no             ;
; operationCode[2] ; 56    ; 2        ; 8            ; 1            ; 0           ; 37                    ; 0                  ; no     ; no              ; no       ; Off          ; 3.3-V LVTTL  ; Fitter               ; no             ;
+------------------+-------+----------+--------------+--------------+-------------+-----------------------+--------------------+--------+-----------------+----------+--------------+--------------+----------------------+----------------+


+------------------------------------------------------------------------------------------------------------------------------------------------------------------------------------------------------------------------------------------------------------------------------------------------------------------------------+
; Output Pins                                                                                                                                                                                                                                                                                                                  ;
+------------+-------+----------+--------------+--------------+-------------+-----------------+----------------+-----------------+------------+---------------+----------+--------------+--------------+------------------+------------------------+----------------------+-------+----------------------+---------------------+
; Name       ; Pin # ; I/O Bank ; X coordinate ; Y coordinate ; Cell number ; Output Register ; Slow Slew Rate ; PCI I/O Enabled ; Open Drain ; TRI Primitive ; Bus Hold ; Weak Pull Up ; I/O Standard ; Current Strength ; Fast Output Connection ; Location assigned by ; Load  ; Output Enable Source ; Output Enable Group ;
+------------+-------+----------+--------------+--------------+-------------+-----------------+----------------+-----------------+------------+---------------+----------+--------------+--------------+------------------+------------------------+----------------------+-------+----------------------+---------------------+
; carryOut   ; 62    ; 2        ; 8            ; 2            ; 0           ; no              ; no             ; no              ; no         ; no            ; no       ; Off          ; 3.3-V LVTTL  ; 16mA             ; no                     ; Fitter               ; 10 pF ; -                    ; -                   ;
; isOVerflow ; 39    ; 1        ; 5            ; 0            ; 3           ; no              ; no             ; no              ; no         ; no            ; no       ; Off          ; 3.3-V LVTTL  ; 16mA             ; no                     ; Fitter               ; 10 pF ; -                    ; -                   ;
; res[0]     ; 8     ; 1        ; 1            ; 3            ; 2           ; no              ; no             ; no              ; no         ; no            ; no       ; Off          ; 3.3-V LVTTL  ; 16mA             ; no                     ; Fitter               ; 10 pF ; -                    ; -                   ;
; res[10]    ; 66    ; 2        ; 8            ; 3            ; 3           ; no              ; no             ; no              ; no         ; no            ; no       ; Off          ; 3.3-V LVTTL  ; 16mA             ; no                     ; Fitter               ; 10 pF ; -                    ; -                   ;
; res[11]    ; 47    ; 1        ; 6            ; 0            ; 1           ; no              ; no             ; no              ; no         ; no            ; no       ; Off          ; 3.3-V LVTTL  ; 16mA             ; yes                    ; Fitter               ; 10 pF ; -                    ; -                   ;
; res[12]    ; 44    ; 1        ; 6            ; 0            ; 2           ; no              ; no             ; no              ; no         ; no            ; no       ; Off          ; 3.3-V LVTTL  ; 16mA             ; yes                    ; Fitter               ; 10 pF ; -                    ; -                   ;
; res[13]    ; 41    ; 1        ; 5            ; 0            ; 1           ; no              ; no             ; no              ; no         ; no            ; no       ; Off          ; 3.3-V LVTTL  ; 16mA             ; yes                    ; Fitter               ; 10 pF ; -                    ; -                   ;
; res[14]    ; 42    ; 1        ; 5            ; 0            ; 0           ; no              ; no             ; no              ; no         ; no            ; no       ; Off          ; 3.3-V LVTTL  ; 16mA             ; yes                    ; Fitter               ; 10 pF ; -                    ; -                   ;
; res[15]    ; 57    ; 2        ; 8            ; 2            ; 3           ; no              ; no             ; no              ; no         ; no            ; no       ; Off          ; 3.3-V LVTTL  ; 16mA             ; no                     ; Fitter               ; 10 pF ; -                    ; -                   ;
; res[1]     ; 36    ; 1        ; 4            ; 0            ; 2           ; no              ; no             ; no              ; no         ; no            ; no       ; Off          ; 3.3-V LVTTL  ; 16mA             ; yes                    ; Fitter               ; 10 pF ; -                    ; -                   ;
; res[2]     ; 30    ; 1        ; 3            ; 0            ; 3           ; no              ; no             ; no              ; no         ; no            ; no       ; Off          ; 3.3-V LVTTL  ; 16mA             ; no                     ; Fitter               ; 10 pF ; -                    ; -                   ;
; res[3]     ; 58    ; 2        ; 8            ; 2            ; 2           ; no              ; no             ; no              ; no         ; no            ; no       ; Off          ; 3.3-V LVTTL  ; 16mA             ; no                     ; Fitter               ; 10 pF ; -                    ; -                   ;
; res[4]     ; 96    ; 2        ; 3            ; 5            ; 2           ; no              ; no             ; no              ; no         ; no            ; no       ; Off          ; 3.3-V LVTTL  ; 16mA             ; no                     ; Fitter               ; 10 pF ; -                    ; -                   ;
; res[5]     ; 17    ; 1        ; 1            ; 2            ; 3           ; no              ; no             ; no              ; no         ; no            ; no       ; Off          ; 3.3-V LVTTL  ; 16mA             ; no                     ; Fitter               ; 10 pF ; -                    ; -                   ;
; res[6]     ; 91    ; 2        ; 4            ; 5            ; 2           ; no              ; no             ; no              ; no         ; no            ; no       ; Off          ; 3.3-V LVTTL  ; 16mA             ; no                     ; Fitter               ; 10 pF ; -                    ; -                   ;
; res[7]     ; 6     ; 1        ; 1            ; 3            ; 0           ; no              ; no             ; no              ; no         ; no            ; no       ; Off          ; 3.3-V LVTTL  ; 16mA             ; no                     ; Fitter               ; 10 pF ; -                    ; -                   ;
; res[8]     ; 50    ; 1        ; 7            ; 0            ; 1           ; no              ; no             ; no              ; no         ; no            ; no       ; Off          ; 3.3-V LVTTL  ; 16mA             ; no                     ; Fitter               ; 10 pF ; -                    ; -                   ;
; res[9]     ; 43    ; 1        ; 6            ; 0            ; 3           ; no              ; no             ; no              ; no         ; no            ; no       ; Off          ; 3.3-V LVTTL  ; 16mA             ; no                     ; Fitter               ; 10 pF ; -                    ; -                   ;
+------------+-------+----------+--------------+--------------+-------------+-----------------+----------------+-----------------+------------+---------------+----------+--------------+--------------+------------------+------------------------+----------------------+-------+----------------------+---------------------+


+------------------------------------------------------------+
; I/O Bank Usage                                             ;
+----------+------------------+---------------+--------------+
; I/O Bank ; Usage            ; VCCIO Voltage ; VREF Voltage ;
+----------+------------------+---------------+--------------+
; 1        ; 24 / 38 ( 63 % ) ; 3.3V          ; --           ;
; 2        ; 29 / 41 ( 71 % ) ; 3.3V          ; --           ;
+----------+------------------+---------------+--------------+


+------------------------------------------------------------------------------------------------------------------------------------------------+
; All Package Pins                                                                                                                               ;
+----------+------------+----------+------------------+--------+--------------+---------+------------+-----------------+----------+--------------+
; Location ; Pad Number ; I/O Bank ; Pin Name/Usage   ; Dir.   ; I/O Standard ; Voltage ; I/O Type   ; User Assignment ; Bus Hold ; Weak Pull Up ;
+----------+------------+----------+------------------+--------+--------------+---------+------------+-----------------+----------+--------------+
; 1        ;            ;          ; GND              ; gnd    ;              ;         ; --         ;                 ; --       ; --           ;
; 2        ; 0          ; 1        ; GND*             ;        ;              ;         ; Row I/O    ;                 ; no       ; Off          ;
; 3        ; 1          ; 1        ; GND*             ;        ;              ;         ; Row I/O    ;                 ; no       ; Off          ;
; 4        ; 2          ; 1        ; GND*             ;        ;              ;         ; Row I/O    ;                 ; no       ; Off          ;
; 5        ; 3          ; 1        ; GND*             ;        ;              ;         ; Row I/O    ;                 ; no       ; Off          ;
; 6        ; 4          ; 1        ; res[7]           ; output ; 3.3-V LVTTL  ;         ; Row I/O    ; N               ; no       ; Off          ;
; 7        ; 5          ; 1        ; GND*             ;        ;              ;         ; Row I/O    ;                 ; no       ; Off          ;
; 8        ; 6          ; 1        ; res[0]           ; output ; 3.3-V LVTTL  ;         ; Row I/O    ; N               ; no       ; Off          ;
; 9        ;            ; 1        ; VCCIO1           ; power  ;              ; 3.3V    ; --         ;                 ; --       ; --           ;
; 10       ;            ;          ; GND              ; gnd    ;              ;         ; --         ;                 ; --       ; --           ;
; 11       ;            ;          ; GND              ; gnd    ;              ;         ; --         ;                 ; --       ; --           ;
; 12       ; 7          ; 1        ; GND*             ;        ;              ;         ; Row I/O    ;                 ; no       ; Off          ;
; 13       ;            ;          ; VCCINT           ; power  ;              ; 1.8V    ; --         ;                 ; --       ; --           ;
; 14       ; 8          ; 1        ; b[4]             ; input  ; 3.3-V LVTTL  ;         ; Row I/O    ; N               ; no       ; Off          ;
; 15       ; 9          ; 1        ; a[3]             ; input  ; 3.3-V LVTTL  ;         ; Row I/O    ; N               ; no       ; Off          ;
; 16       ; 10         ; 1        ; a[4]             ; input  ; 3.3-V LVTTL  ;         ; Row I/O    ; N               ; no       ; Off          ;
; 17       ; 11         ; 1        ; res[5]           ; output ; 3.3-V LVTTL  ;         ; Row I/O    ; N               ; no       ; Off          ;
; 18       ; 12         ; 1        ; GND*             ;        ;              ;         ; Row I/O    ;                 ; no       ; Off          ;
; 19       ; 13         ; 1        ; GND*             ;        ;              ;         ; Row I/O    ;                 ; no       ; Off          ;
; 20       ; 14         ; 1        ; GND*             ;        ;              ;         ; Row I/O    ;                 ; no       ; Off          ;
; 21       ; 15         ; 1        ; b[5]             ; input  ; 3.3-V LVTTL  ;         ; Row I/O    ; N               ; no       ; Off          ;
; 22       ; 16         ; 1        ; #TMS             ; input  ;              ;         ; --         ;                 ; --       ; --           ;
; 23       ; 17         ; 1        ; #TDI             ; input  ;              ;         ; --         ;                 ; --       ; --           ;
; 24       ; 18         ; 1        ; #TCK             ; input  ;              ;         ; --         ;                 ; --       ; --           ;
; 25       ; 19         ; 1        ; #TDO             ; output ;              ;         ; --         ;                 ; --       ; --           ;
; 26       ; 20         ; 1        ; GND*             ;        ;              ;         ; Column I/O ;                 ; no       ; Off          ;
; 27       ; 21         ; 1        ; GND*             ;        ;              ;         ; Column I/O ;                 ; no       ; Off          ;
; 28       ; 22         ; 1        ; GND*             ;        ;              ;         ; Column I/O ;                 ; no       ; Off          ;
; 29       ; 23         ; 1        ; GND*             ;        ;              ;         ; Column I/O ;                 ; no       ; Off          ;
; 30       ; 24         ; 1        ; res[2]           ; output ; 3.3-V LVTTL  ;         ; Column I/O ; N               ; no       ; Off          ;
; 31       ;            ; 1        ; VCCIO1           ; power  ;              ; 3.3V    ; --         ;                 ; --       ; --           ;
; 32       ;            ;          ; GND              ; gnd    ;              ;         ; --         ;                 ; --       ; --           ;
; 33       ; 25         ; 1        ; a[2]             ; input  ; 3.3-V LVTTL  ;         ; Column I/O ; N               ; no       ; Off          ;
; 34       ; 26         ; 1        ; operationCode[1] ; input  ; 3.3-V LVTTL  ;         ; Column I/O ; N               ; no       ; Off          ;
; 35       ; 27         ; 1        ; operationCode[0] ; input  ; 3.3-V LVTTL  ;         ; Column I/O ; N               ; no       ; Off          ;
; 36       ; 28         ; 1        ; res[1]           ; output ; 3.3-V LVTTL  ;         ; Column I/O ; N               ; no       ; Off          ;
; 37       ; 29         ; 1        ; a[1]             ; input  ; 3.3-V LVTTL  ;         ; Column I/O ; N               ; no       ; Off          ;
; 38       ; 30         ; 1        ; b[2]             ; input  ; 3.3-V LVTTL  ;         ; Column I/O ; N               ; no       ; Off          ;
; 39       ; 31         ; 1        ; isOVerflow       ; output ; 3.3-V LVTTL  ;         ; Column I/O ; N               ; no       ; Off          ;
; 40       ; 32         ; 1        ; b[14]            ; input  ; 3.3-V LVTTL  ;         ; Column I/O ; N               ; no       ; Off          ;
; 41       ; 33         ; 1        ; res[13]          ; output ; 3.3-V LVTTL  ;         ; Column I/O ; N               ; no       ; Off          ;
; 42       ; 34         ; 1        ; res[14]          ; output ; 3.3-V LVTTL  ;         ; Column I/O ; N               ; no       ; Off          ;
; 43       ; 35         ; 1        ; res[9]           ; output ; 3.3-V LVTTL  ;         ; Column I/O ; N               ; no       ; Off          ;
; 44       ; 36         ; 1        ; res[12]          ; output ; 3.3-V LVTTL  ;         ; Column I/O ; N               ; no       ; Off          ;
; 45       ;            ; 1        ; VCCIO1           ; power  ;              ; 3.3V    ; --         ;                 ; --       ; --           ;
; 46       ;            ;          ; GND              ; gnd    ;              ;         ; --         ;                 ; --       ; --           ;
; 47       ; 37         ; 1        ; res[11]          ; output ; 3.3-V LVTTL  ;         ; Column I/O ; N               ; no       ; Off          ;
; 48       ; 38         ; 1        ; a[12]            ; input  ; 3.3-V LVTTL  ;         ; Column I/O ; N               ; no       ; Off          ;
; 49       ; 39         ; 1        ; GND*             ;        ;              ;         ; Column I/O ;                 ; no       ; Off          ;
; 50       ; 40         ; 1        ; res[8]           ; output ; 3.3-V LVTTL  ;         ; Column I/O ; N               ; no       ; Off          ;
; 51       ; 41         ; 1        ; a[14]            ; input  ; 3.3-V LVTTL  ;         ; Column I/O ; N               ; no       ; Off          ;
; 52       ; 42         ; 2        ; a[13]            ; input  ; 3.3-V LVTTL  ;         ; Row I/O    ; N               ; no       ; Off          ;
; 53       ; 43         ; 2        ; a[15]            ; input  ; 3.3-V LVTTL  ;         ; Row I/O    ; N               ; no       ; Off          ;
; 54       ; 44         ; 2        ; b[12]            ; input  ; 3.3-V LVTTL  ;         ; Row I/O    ; N               ; no       ; Off          ;
; 55       ; 45         ; 2        ; b[9]             ; input  ; 3.3-V LVTTL  ;         ; Row I/O    ; N               ; no       ; Off          ;
; 56       ; 46         ; 2        ; operationCode[2] ; input  ; 3.3-V LVTTL  ;         ; Row I/O    ; N               ; no       ; Off          ;
; 57       ; 47         ; 2        ; res[15]          ; output ; 3.3-V LVTTL  ;         ; Row I/O    ; N               ; no       ; Off          ;
; 58       ; 48         ; 2        ; res[3]           ; output ; 3.3-V LVTTL  ;         ; Row I/O    ; N               ; no       ; Off          ;
; 59       ;            ; 2        ; VCCIO2           ; power  ;              ; 3.3V    ; --         ;                 ; --       ; --           ;
; 60       ;            ;          ; GND              ; gnd    ;              ;         ; --         ;                 ; --       ; --           ;
; 61       ; 49         ; 2        ; b[11]            ; input  ; 3.3-V LVTTL  ;         ; Row I/O    ; N               ; no       ; Off          ;
; 62       ; 50         ; 2        ; carryOut         ; output ; 3.3-V LVTTL  ;         ; Row I/O    ; N               ; no       ; Off          ;
; 63       ;            ;          ; VCCINT           ; power  ;              ; 1.8V    ; --         ;                 ; --       ; --           ;
; 64       ; 51         ; 2        ; b[0]             ; input  ; 3.3-V LVTTL  ;         ; Row I/O    ; N               ; no       ; Off          ;
; 65       ;            ;          ; GND              ; gnd    ;              ;         ; --         ;                 ; --       ; --           ;
; 66       ; 52         ; 2        ; res[10]          ; output ; 3.3-V LVTTL  ;         ; Row I/O    ; N               ; no       ; Off          ;
; 67       ; 53         ; 2        ; a[9]             ; input  ; 3.3-V LVTTL  ;         ; Row I/O    ; N               ; no       ; Off          ;
; 68       ; 54         ; 2        ; a[8]             ; input  ; 3.3-V LVTTL  ;         ; Row I/O    ; N               ; no       ; Off          ;
; 69       ; 55         ; 2        ; b[8]             ; input  ; 3.3-V LVTTL  ;         ; Row I/O    ; N               ; no       ; Off          ;
; 70       ; 56         ; 2        ; GND*             ;        ;              ;         ; Row I/O    ;                 ; no       ; Off          ;
; 71       ; 57         ; 2        ; GND*             ;        ;              ;         ; Row I/O    ;                 ; no       ; Off          ;
; 72       ; 58         ; 2        ; GND*             ;        ;              ;         ; Row I/O    ;                 ; no       ; Off          ;
; 73       ; 59         ; 2        ; GND*             ;        ;              ;         ; Row I/O    ;                 ; no       ; Off          ;
; 74       ; 60         ; 2        ; GND*             ;        ;              ;         ; Row I/O    ;                 ; no       ; Off          ;
; 75       ; 61         ; 2        ; GND*             ;        ;              ;         ; Column I/O ;                 ; no       ; Off          ;
; 76       ; 62         ; 2        ; GND*             ;        ;              ;         ; Column I/O ;                 ; no       ; Off          ;
; 77       ; 63         ; 2        ; a[10]            ; input  ; 3.3-V LVTTL  ;         ; Column I/O ; N               ; no       ; Off          ;
; 78       ; 64         ; 2        ; GND*             ;        ;              ;         ; Column I/O ;                 ; no       ; Off          ;
; 79       ;            ;          ; GND              ; gnd    ;              ;         ; --         ;                 ; --       ; --           ;
; 80       ;            ; 2        ; VCCIO2           ; power  ;              ; 3.3V    ; --         ;                 ; --       ; --           ;
; 81       ; 65         ; 2        ; GND*             ;        ;              ;         ; Column I/O ;                 ; no       ; Off          ;
; 82       ; 66         ; 2        ; b[7]             ; input  ; 3.3-V LVTTL  ;         ; Column I/O ; N               ; no       ; Off          ;
; 83       ; 67         ; 2        ; b[10]            ; input  ; 3.3-V LVTTL  ;         ; Column I/O ; N               ; no       ; Off          ;
; 84       ; 68         ; 2        ; a[11]            ; input  ; 3.3-V LVTTL  ;         ; Column I/O ; N               ; no       ; Off          ;
; 85       ; 69         ; 2        ; b[1]             ; input  ; 3.3-V LVTTL  ;         ; Column I/O ; N               ; no       ; Off          ;
; 86       ; 70         ; 2        ; b[3]             ; input  ; 3.3-V LVTTL  ;         ; Column I/O ; N               ; no       ; Off          ;
; 87       ; 71         ; 2        ; b[13]            ; input  ; 3.3-V LVTTL  ;         ; Column I/O ; N               ; no       ; Off          ;
; 88       ; 72         ; 2        ; b[15]            ; input  ; 3.3-V LVTTL  ;         ; Column I/O ; N               ; no       ; Off          ;
; 89       ; 73         ; 2        ; a[6]             ; input  ; 3.3-V LVTTL  ;         ; Column I/O ; N               ; no       ; Off          ;
; 90       ; 74         ; 2        ; a[7]             ; input  ; 3.3-V LVTTL  ;         ; Column I/O ; N               ; no       ; Off          ;
; 91       ; 75         ; 2        ; res[6]           ; output ; 3.3-V LVTTL  ;         ; Column I/O ; N               ; no       ; Off          ;
; 92       ; 76         ; 2        ; b[6]             ; input  ; 3.3-V LVTTL  ;         ; Column I/O ; N               ; no       ; Off          ;
; 93       ;            ;          ; GND              ; gnd    ;              ;         ; --         ;                 ; --       ; --           ;
; 94       ;            ; 2        ; VCCIO2           ; power  ;              ; 3.3V    ; --         ;                 ; --       ; --           ;
; 95       ; 77         ; 2        ; a[5]             ; input  ; 3.3-V LVTTL  ;         ; Column I/O ; N               ; no       ; Off          ;
; 96       ; 78         ; 2        ; res[4]           ; output ; 3.3-V LVTTL  ;         ; Column I/O ; N               ; no       ; Off          ;
; 97       ; 79         ; 2        ; a[0]             ; input  ; 3.3-V LVTTL  ;         ; Column I/O ; N               ; no       ; Off          ;
; 98       ; 80         ; 2        ; GND*             ;        ;              ;         ; Column I/O ;                 ; no       ; Off          ;
; 99       ; 81         ; 2        ; GND*             ;        ;              ;         ; Column I/O ;                 ; no       ; Off          ;
; 100      ; 82         ; 2        ; GND*             ;        ;              ;         ; Column I/O ;                 ; no       ; Off          ;
+----------+------------+----------+------------------+--------+--------------+---------+------------+-----------------+----------+--------------+
Note: Pin directions (input, output or bidir) are based on device operating in user mode.


+-------------------------------------------------------------+
; Output Pin Default Load For Reported TCO                    ;
+----------------------------+-------+------------------------+
; I/O Standard               ; Load  ; Termination Resistance ;
+----------------------------+-------+------------------------+
; 3.3-V LVTTL                ; 10 pF ; Not Available          ;
; 3.3-V LVCMOS               ; 10 pF ; Not Available          ;
; 2.5 V                      ; 10 pF ; Not Available          ;
; 1.8 V                      ; 10 pF ; Not Available          ;
; 1.5 V                      ; 10 pF ; Not Available          ;
; 3.3V Schmitt Trigger Input ; 10 pF ; Not Available          ;
; 2.5V Schmitt Trigger Input ; 10 pF ; Not Available          ;
; 1.2 V                      ; 10 pF ; Not Available          ;
; LVDS_E_3R                  ; 10 pF ; Not Available          ;
; RSDS_E_3R                  ; 10 pF ; Not Available          ;
+----------------------------+-------+------------------------+
Note: User assignments will override these defaults. The user specified values are listed in the Output Pins and Bidir Pins tables.


+------------------------------------------------+
; I/O Assignment Warnings                        ;
+------------------+-----------------------------+
; Pin Name         ; Reason                      ;
+------------------+-----------------------------+
; res[0]           ; Missing location assignment ;
; res[1]           ; Missing location assignment ;
; res[2]           ; Missing location assignment ;
; res[3]           ; Missing location assignment ;
; res[4]           ; Missing location assignment ;
; res[5]           ; Missing location assignment ;
; res[6]           ; Missing location assignment ;
; res[7]           ; Missing location assignment ;
; res[8]           ; Missing location assignment ;
; res[9]           ; Missing location assignment ;
; res[10]          ; Missing location assignment ;
; res[11]          ; Missing location assignment ;
; res[12]          ; Missing location assignment ;
; res[13]          ; Missing location assignment ;
; res[14]          ; Missing location assignment ;
; res[15]          ; Missing location assignment ;
; carryOut         ; Missing location assignment ;
; isOVerflow       ; Missing location assignment ;
; b[0]             ; Missing location assignment ;
; operationCode[1] ; Missing location assignment ;
; operationCode[2] ; Missing location assignment ;
; operationCode[0] ; Missing location assignment ;
; a[0]             ; Missing location assignment ;
; b[1]             ; Missing location assignment ;
; a[1]             ; Missing location assignment ;
; b[2]             ; Missing location assignment ;
; a[2]             ; Missing location assignment ;
; b[3]             ; Missing location assignment ;
; a[3]             ; Missing location assignment ;
; b[4]             ; Missing location assignment ;
; a[4]             ; Missing location assignment ;
; b[5]             ; Missing location assignment ;
; a[5]             ; Missing location assignment ;
; b[6]             ; Missing location assignment ;
; a[6]             ; Missing location assignment ;
; b[7]             ; Missing location assignment ;
; a[7]             ; Missing location assignment ;
; b[8]             ; Missing location assignment ;
; a[8]             ; Missing location assignment ;
; b[9]             ; Missing location assignment ;
; a[9]             ; Missing location assignment ;
; b[10]            ; Missing location assignment ;
; a[10]            ; Missing location assignment ;
; b[11]            ; Missing location assignment ;
; a[11]            ; Missing location assignment ;
; b[12]            ; Missing location assignment ;
; a[12]            ; Missing location assignment ;
; b[13]            ; Missing location assignment ;
; a[13]            ; Missing location assignment ;
; b[14]            ; Missing location assignment ;
; a[14]            ; Missing location assignment ;
; b[15]            ; Missing location assignment ;
; a[15]            ; Missing location assignment ;
+------------------+-----------------------------+


+-----------------------------------------------------------------------------------------------------------------------------------------------------------------------------------------------------------------------------------------------------------------------+
; Fitter Resource Utilization by Entity                                                                                                                                                                                                                                 ;
+--------------------------------+-------------+--------------+------------+------+--------------+--------------+-------------------+------------------+-----------------+------------+-----------------------------------------------+------------------+--------------+
; Compilation Hierarchy Node     ; Logic Cells ; LC Registers ; UFM Blocks ; Pins ; Virtual Pins ; LUT-Only LCs ; Register-Only LCs ; LUT/Register LCs ; Carry Chain LCs ; Packed LCs ; Full Hierarchy Name                           ; Entity Name      ; Library Name ;
+--------------------------------+-------------+--------------+------------+------+--------------+--------------+-------------------+------------------+-----------------+------------+-----------------------------------------------+------------------+--------------+
; |ALU16                         ; 92 (1)      ; 0            ; 0          ; 53   ; 0            ; 92 (1)       ; 0 (0)             ; 0 (0)            ; 0 (0)           ; 0 (0)      ; |ALU16                                        ; ALU16            ; work         ;
;    |ALU1:\G0:0:alu|            ; 4 (0)       ; 0            ; 0          ; 0    ; 0            ; 4 (0)        ; 0 (0)             ; 0 (0)            ; 0 (0)           ; 0 (0)      ; |ALU16|ALU1:\G0:0:alu                         ; ALU1             ; work         ;
;       |fullAdder:Step4|        ; 1 (1)       ; 0            ; 0          ; 0    ; 0            ; 1 (1)        ; 0 (0)             ; 0 (0)            ; 0 (0)           ; 0 (0)      ; |ALU16|ALU1:\G0:0:alu|fullAdder:Step4         ; fullAdder        ; work         ;
;       |mux4to1Component:Step6| ; 3 (3)       ; 0            ; 0          ; 0    ; 0            ; 3 (3)        ; 0 (0)             ; 0 (0)            ; 0 (0)           ; 0 (0)      ; |ALU16|ALU1:\G0:0:alu|mux4to1Component:Step6  ; mux4to1Component ; work         ;
;    |ALU1:\G0:10:alu|           ; 6 (0)       ; 0            ; 0          ; 0    ; 0            ; 6 (0)        ; 0 (0)             ; 0 (0)            ; 0 (0)           ; 0 (0)      ; |ALU16|ALU1:\G0:10:alu                        ; ALU1             ; work         ;
;       |fullAdder:Step4|        ; 1 (1)       ; 0            ; 0          ; 0    ; 0            ; 1 (1)        ; 0 (0)             ; 0 (0)            ; 0 (0)           ; 0 (0)      ; |ALU16|ALU1:\G0:10:alu|fullAdder:Step4        ; fullAdder        ; work         ;
;       |mux2to1:Step0|          ; 1 (1)       ; 0            ; 0          ; 0    ; 0            ; 1 (1)        ; 0 (0)             ; 0 (0)            ; 0 (0)           ; 0 (0)      ; |ALU16|ALU1:\G0:10:alu|mux2to1:Step0          ; mux2to1          ; work         ;
;       |mux2to1:Step1|          ; 1 (1)       ; 0            ; 0          ; 0    ; 0            ; 1 (1)        ; 0 (0)             ; 0 (0)            ; 0 (0)           ; 0 (0)      ; |ALU16|ALU1:\G0:10:alu|mux2to1:Step1          ; mux2to1          ; work         ;
;       |mux4to1Component:Step6| ; 2 (2)       ; 0            ; 0          ; 0    ; 0            ; 2 (2)        ; 0 (0)             ; 0 (0)            ; 0 (0)           ; 0 (0)      ; |ALU16|ALU1:\G0:10:alu|mux4to1Component:Step6 ; mux4to1Component ; work         ;
;       |xor_2:Step5|            ; 1 (1)       ; 0            ; 0          ; 0    ; 0            ; 1 (1)        ; 0 (0)             ; 0 (0)            ; 0 (0)           ; 0 (0)      ; |ALU16|ALU1:\G0:10:alu|xor_2:Step5            ; xor_2            ; work         ;
;    |ALU1:\G0:11:alu|           ; 5 (0)       ; 0            ; 0          ; 0    ; 0            ; 5 (0)        ; 0 (0)             ; 0 (0)            ; 0 (0)           ; 0 (0)      ; |ALU16|ALU1:\G0:11:alu                        ; ALU1             ; work         ;
;       |fullAdder:Step4|        ; 1 (1)       ; 0            ; 0          ; 0    ; 0            ; 1 (1)        ; 0 (0)             ; 0 (0)            ; 0 (0)           ; 0 (0)      ; |ALU16|ALU1:\G0:11:alu|fullAdder:Step4        ; fullAdder        ; work         ;
;       |mux2to1:Step1|          ; 1 (1)       ; 0            ; 0          ; 0    ; 0            ; 1 (1)        ; 0 (0)             ; 0 (0)            ; 0 (0)           ; 0 (0)      ; |ALU16|ALU1:\G0:11:alu|mux2to1:Step1          ; mux2to1          ; work         ;
;       |mux4to1Component:Step6| ; 3 (3)       ; 0            ; 0          ; 0    ; 0            ; 3 (3)        ; 0 (0)             ; 0 (0)            ; 0 (0)           ; 0 (0)      ; |ALU16|ALU1:\G0:11:alu|mux4to1Component:Step6 ; mux4to1Component ; work         ;
;    |ALU1:\G0:12:alu|           ; 6 (0)       ; 0            ; 0          ; 0    ; 0            ; 6 (0)        ; 0 (0)             ; 0 (0)            ; 0 (0)           ; 0 (0)      ; |ALU16|ALU1:\G0:12:alu                        ; ALU1             ; work         ;
;       |fullAdder:Step4|        ; 1 (1)       ; 0            ; 0          ; 0    ; 0            ; 1 (1)        ; 0 (0)             ; 0 (0)            ; 0 (0)           ; 0 (0)      ; |ALU16|ALU1:\G0:12:alu|fullAdder:Step4        ; fullAdder        ; work         ;
;       |mux2to1:Step0|          ; 1 (1)       ; 0            ; 0          ; 0    ; 0            ; 1 (1)        ; 0 (0)             ; 0 (0)            ; 0 (0)           ; 0 (0)      ; |ALU16|ALU1:\G0:12:alu|mux2to1:Step0          ; mux2to1          ; work         ;
;       |mux2to1:Step1|          ; 1 (1)       ; 0            ; 0          ; 0    ; 0            ; 1 (1)        ; 0 (0)             ; 0 (0)            ; 0 (0)           ; 0 (0)      ; |ALU16|ALU1:\G0:12:alu|mux2to1:Step1          ; mux2to1          ; work         ;
;       |mux4to1Component:Step6| ; 2 (2)       ; 0            ; 0          ; 0    ; 0            ; 2 (2)        ; 0 (0)             ; 0 (0)            ; 0 (0)           ; 0 (0)      ; |ALU16|ALU1:\G0:12:alu|mux4to1Component:Step6 ; mux4to1Component ; work         ;
;       |xor_2:Step5|            ; 1 (1)       ; 0            ; 0          ; 0    ; 0            ; 1 (1)        ; 0 (0)             ; 0 (0)            ; 0 (0)           ; 0 (0)      ; |ALU16|ALU1:\G0:12:alu|xor_2:Step5            ; xor_2            ; work         ;
;    |ALU1:\G0:13:alu|           ; 5 (0)       ; 0            ; 0          ; 0    ; 0            ; 5 (0)        ; 0 (0)             ; 0 (0)            ; 0 (0)           ; 0 (0)      ; |ALU16|ALU1:\G0:13:alu                        ; ALU1             ; work         ;
;       |fullAdder:Step4|        ; 1 (1)       ; 0            ; 0          ; 0    ; 0            ; 1 (1)        ; 0 (0)             ; 0 (0)            ; 0 (0)           ; 0 (0)      ; |ALU16|ALU1:\G0:13:alu|fullAdder:Step4        ; fullAdder        ; work         ;
;       |mux2to1:Step1|          ; 1 (1)       ; 0            ; 0          ; 0    ; 0            ; 1 (1)        ; 0 (0)             ; 0 (0)            ; 0 (0)           ; 0 (0)      ; |ALU16|ALU1:\G0:13:alu|mux2to1:Step1          ; mux2to1          ; work         ;
;       |mux4to1Component:Step6| ; 3 (3)       ; 0            ; 0          ; 0    ; 0            ; 3 (3)        ; 0 (0)             ; 0 (0)            ; 0 (0)           ; 0 (0)      ; |ALU16|ALU1:\G0:13:alu|mux4to1Component:Step6 ; mux4to1Component ; work         ;
;    |ALU1:\G0:14:alu|           ; 6 (0)       ; 0            ; 0          ; 0    ; 0            ; 6 (0)        ; 0 (0)             ; 0 (0)            ; 0 (0)           ; 0 (0)      ; |ALU16|ALU1:\G0:14:alu                        ; ALU1             ; work         ;
;       |fullAdder:Step4|        ; 1 (1)       ; 0            ; 0          ; 0    ; 0            ; 1 (1)        ; 0 (0)             ; 0 (0)            ; 0 (0)           ; 0 (0)      ; |ALU16|ALU1:\G0:14:alu|fullAdder:Step4        ; fullAdder        ; work         ;
;       |mux2to1:Step0|          ; 1 (1)       ; 0            ; 0          ; 0    ; 0            ; 1 (1)        ; 0 (0)             ; 0 (0)            ; 0 (0)           ; 0 (0)      ; |ALU16|ALU1:\G0:14:alu|mux2to1:Step0          ; mux2to1          ; work         ;
;       |mux2to1:Step1|          ; 1 (1)       ; 0            ; 0          ; 0    ; 0            ; 1 (1)        ; 0 (0)             ; 0 (0)            ; 0 (0)           ; 0 (0)      ; |ALU16|ALU1:\G0:14:alu|mux2to1:Step1          ; mux2to1          ; work         ;
;       |mux4to1Component:Step6| ; 2 (2)       ; 0            ; 0          ; 0    ; 0            ; 2 (2)        ; 0 (0)             ; 0 (0)            ; 0 (0)           ; 0 (0)      ; |ALU16|ALU1:\G0:14:alu|mux4to1Component:Step6 ; mux4to1Component ; work         ;
;       |xor_2:Step5|            ; 1 (1)       ; 0            ; 0          ; 0    ; 0            ; 1 (1)        ; 0 (0)             ; 0 (0)            ; 0 (0)           ; 0 (0)      ; |ALU16|ALU1:\G0:14:alu|xor_2:Step5            ; xor_2            ; work         ;
;    |ALU1:\G0:15:alu|           ; 5 (0)       ; 0            ; 0          ; 0    ; 0            ; 5 (0)        ; 0 (0)             ; 0 (0)            ; 0 (0)           ; 0 (0)      ; |ALU16|ALU1:\G0:15:alu                        ; ALU1             ; work         ;
;       |fullAdder:Step4|        ; 1 (1)       ; 0            ; 0          ; 0    ; 0            ; 1 (1)        ; 0 (0)             ; 0 (0)            ; 0 (0)           ; 0 (0)      ; |ALU16|ALU1:\G0:15:alu|fullAdder:Step4        ; fullAdder        ; work         ;
;       |mux2to1:Step1|          ; 1 (1)       ; 0            ; 0          ; 0    ; 0            ; 1 (1)        ; 0 (0)             ; 0 (0)            ; 0 (0)           ; 0 (0)      ; |ALU16|ALU1:\G0:15:alu|mux2to1:Step1          ; mux2to1          ; work         ;
;       |mux4to1Component:Step6| ; 3 (3)       ; 0            ; 0          ; 0    ; 0            ; 3 (3)        ; 0 (0)             ; 0 (0)            ; 0 (0)           ; 0 (0)      ; |ALU16|ALU1:\G0:15:alu|mux4to1Component:Step6 ; mux4to1Component ; work         ;
;    |ALU1:\G0:1:alu|            ; 5 (0)       ; 0            ; 0          ; 0    ; 0            ; 5 (0)        ; 0 (0)             ; 0 (0)            ; 0 (0)           ; 0 (0)      ; |ALU16|ALU1:\G0:1:alu                         ; ALU1             ; work         ;
;       |fullAdder:Step4|        ; 1 (1)       ; 0            ; 0          ; 0    ; 0            ; 1 (1)        ; 0 (0)             ; 0 (0)            ; 0 (0)           ; 0 (0)      ; |ALU16|ALU1:\G0:1:alu|fullAdder:Step4         ; fullAdder        ; work         ;
;       |mux2to1:Step1|          ; 1 (1)       ; 0            ; 0          ; 0    ; 0            ; 1 (1)        ; 0 (0)             ; 0 (0)            ; 0 (0)           ; 0 (0)      ; |ALU16|ALU1:\G0:1:alu|mux2to1:Step1           ; mux2to1          ; work         ;
;       |mux4to1Component:Step6| ; 3 (3)       ; 0            ; 0          ; 0    ; 0            ; 3 (3)        ; 0 (0)             ; 0 (0)            ; 0 (0)           ; 0 (0)      ; |ALU16|ALU1:\G0:1:alu|mux4to1Component:Step6  ; mux4to1Component ; work         ;
;    |ALU1:\G0:2:alu|            ; 6 (0)       ; 0            ; 0          ; 0    ; 0            ; 6 (0)        ; 0 (0)             ; 0 (0)            ; 0 (0)           ; 0 (0)      ; |ALU16|ALU1:\G0:2:alu                         ; ALU1             ; work         ;
;       |fullAdder:Step4|        ; 1 (1)       ; 0            ; 0          ; 0    ; 0            ; 1 (1)        ; 0 (0)             ; 0 (0)            ; 0 (0)           ; 0 (0)      ; |ALU16|ALU1:\G0:2:alu|fullAdder:Step4         ; fullAdder        ; work         ;
;       |mux2to1:Step0|          ; 1 (1)       ; 0            ; 0          ; 0    ; 0            ; 1 (1)        ; 0 (0)             ; 0 (0)            ; 0 (0)           ; 0 (0)      ; |ALU16|ALU1:\G0:2:alu|mux2to1:Step0           ; mux2to1          ; work         ;
;       |mux2to1:Step1|          ; 1 (1)       ; 0            ; 0          ; 0    ; 0            ; 1 (1)        ; 0 (0)             ; 0 (0)            ; 0 (0)           ; 0 (0)      ; |ALU16|ALU1:\G0:2:alu|mux2to1:Step1           ; mux2to1          ; work         ;
;       |mux4to1Component:Step6| ; 2 (2)       ; 0            ; 0          ; 0    ; 0            ; 2 (2)        ; 0 (0)             ; 0 (0)            ; 0 (0)           ; 0 (0)      ; |ALU16|ALU1:\G0:2:alu|mux4to1Component:Step6  ; mux4to1Component ; work         ;
;       |xor_2:Step5|            ; 1 (1)       ; 0            ; 0          ; 0    ; 0            ; 1 (1)        ; 0 (0)             ; 0 (0)            ; 0 (0)           ; 0 (0)      ; |ALU16|ALU1:\G0:2:alu|xor_2:Step5             ; xor_2            ; work         ;
;    |ALU1:\G0:3:alu|            ; 5 (0)       ; 0            ; 0          ; 0    ; 0            ; 5 (0)        ; 0 (0)             ; 0 (0)            ; 0 (0)           ; 0 (0)      ; |ALU16|ALU1:\G0:3:alu                         ; ALU1             ; work         ;
;       |fullAdder:Step4|        ; 1 (1)       ; 0            ; 0          ; 0    ; 0            ; 1 (1)        ; 0 (0)             ; 0 (0)            ; 0 (0)           ; 0 (0)      ; |ALU16|ALU1:\G0:3:alu|fullAdder:Step4         ; fullAdder        ; work         ;
;       |mux2to1:Step1|          ; 1 (1)       ; 0            ; 0          ; 0    ; 0            ; 1 (1)        ; 0 (0)             ; 0 (0)            ; 0 (0)           ; 0 (0)      ; |ALU16|ALU1:\G0:3:alu|mux2to1:Step1           ; mux2to1          ; work         ;
;       |mux4to1Component:Step6| ; 3 (3)       ; 0            ; 0          ; 0    ; 0            ; 3 (3)        ; 0 (0)             ; 0 (0)            ; 0 (0)           ; 0 (0)      ; |ALU16|ALU1:\G0:3:alu|mux4to1Component:Step6  ; mux4to1Component ; work         ;
;    |ALU1:\G0:4:alu|            ; 6 (0)       ; 0            ; 0          ; 0    ; 0            ; 6 (0)        ; 0 (0)             ; 0 (0)            ; 0 (0)           ; 0 (0)      ; |ALU16|ALU1:\G0:4:alu                         ; ALU1             ; work         ;
;       |fullAdder:Step4|        ; 1 (1)       ; 0            ; 0          ; 0    ; 0            ; 1 (1)        ; 0 (0)             ; 0 (0)            ; 0 (0)           ; 0 (0)      ; |ALU16|ALU1:\G0:4:alu|fullAdder:Step4         ; fullAdder        ; work         ;
;       |mux2to1:Step0|          ; 1 (1)       ; 0            ; 0          ; 0    ; 0            ; 1 (1)        ; 0 (0)             ; 0 (0)            ; 0 (0)           ; 0 (0)      ; |ALU16|ALU1:\G0:4:alu|mux2to1:Step0           ; mux2to1          ; work         ;
;       |mux2to1:Step1|          ; 1 (1)       ; 0            ; 0          ; 0    ; 0            ; 1 (1)        ; 0 (0)             ; 0 (0)            ; 0 (0)           ; 0 (0)      ; |ALU16|ALU1:\G0:4:alu|mux2to1:Step1           ; mux2to1          ; work         ;
;       |mux4to1Component:Step6| ; 2 (2)       ; 0            ; 0          ; 0    ; 0            ; 2 (2)        ; 0 (0)             ; 0 (0)            ; 0 (0)           ; 0 (0)      ; |ALU16|ALU1:\G0:4:alu|mux4to1Component:Step6  ; mux4to1Component ; work         ;
;       |xor_2:Step5|            ; 1 (1)       ; 0            ; 0          ; 0    ; 0            ; 1 (1)        ; 0 (0)             ; 0 (0)            ; 0 (0)           ; 0 (0)      ; |ALU16|ALU1:\G0:4:alu|xor_2:Step5             ; xor_2            ; work         ;
;    |ALU1:\G0:5:alu|            ; 5 (0)       ; 0            ; 0          ; 0    ; 0            ; 5 (0)        ; 0 (0)             ; 0 (0)            ; 0 (0)           ; 0 (0)      ; |ALU16|ALU1:\G0:5:alu                         ; ALU1             ; work         ;
;       |fullAdder:Step4|        ; 1 (1)       ; 0            ; 0          ; 0    ; 0            ; 1 (1)        ; 0 (0)             ; 0 (0)            ; 0 (0)           ; 0 (0)      ; |ALU16|ALU1:\G0:5:alu|fullAdder:Step4         ; fullAdder        ; work         ;
;       |mux2to1:Step1|          ; 1 (1)       ; 0            ; 0          ; 0    ; 0            ; 1 (1)        ; 0 (0)             ; 0 (0)            ; 0 (0)           ; 0 (0)      ; |ALU16|ALU1:\G0:5:alu|mux2to1:Step1           ; mux2to1          ; work         ;
;       |mux4to1Component:Step6| ; 3 (3)       ; 0            ; 0          ; 0    ; 0            ; 3 (3)        ; 0 (0)             ; 0 (0)            ; 0 (0)           ; 0 (0)      ; |ALU16|ALU1:\G0:5:alu|mux4to1Component:Step6  ; mux4to1Component ; work         ;
;    |ALU1:\G0:6:alu|            ; 6 (0)       ; 0            ; 0          ; 0    ; 0            ; 6 (0)        ; 0 (0)             ; 0 (0)            ; 0 (0)           ; 0 (0)      ; |ALU16|ALU1:\G0:6:alu                         ; ALU1             ; work         ;
;       |fullAdder:Step4|        ; 1 (1)       ; 0            ; 0          ; 0    ; 0            ; 1 (1)        ; 0 (0)             ; 0 (0)            ; 0 (0)           ; 0 (0)      ; |ALU16|ALU1:\G0:6:alu|fullAdder:Step4         ; fullAdder        ; work         ;
;       |mux2to1:Step0|          ; 1 (1)       ; 0            ; 0          ; 0    ; 0            ; 1 (1)        ; 0 (0)             ; 0 (0)            ; 0 (0)           ; 0 (0)      ; |ALU16|ALU1:\G0:6:alu|mux2to1:Step0           ; mux2to1          ; work         ;
;       |mux2to1:Step1|          ; 1 (1)       ; 0            ; 0          ; 0    ; 0            ; 1 (1)        ; 0 (0)             ; 0 (0)            ; 0 (0)           ; 0 (0)      ; |ALU16|ALU1:\G0:6:alu|mux2to1:Step1           ; mux2to1          ; work         ;
;       |mux4to1Component:Step6| ; 2 (2)       ; 0            ; 0          ; 0    ; 0            ; 2 (2)        ; 0 (0)             ; 0 (0)            ; 0 (0)           ; 0 (0)      ; |ALU16|ALU1:\G0:6:alu|mux4to1Component:Step6  ; mux4to1Component ; work         ;
;       |xor_2:Step5|            ; 1 (1)       ; 0            ; 0          ; 0    ; 0            ; 1 (1)        ; 0 (0)             ; 0 (0)            ; 0 (0)           ; 0 (0)      ; |ALU16|ALU1:\G0:6:alu|xor_2:Step5             ; xor_2            ; work         ;
;    |ALU1:\G0:7:alu|            ; 5 (0)       ; 0            ; 0          ; 0    ; 0            ; 5 (0)        ; 0 (0)             ; 0 (0)            ; 0 (0)           ; 0 (0)      ; |ALU16|ALU1:\G0:7:alu                         ; ALU1             ; work         ;
;       |fullAdder:Step4|        ; 1 (1)       ; 0            ; 0          ; 0    ; 0            ; 1 (1)        ; 0 (0)             ; 0 (0)            ; 0 (0)           ; 0 (0)      ; |ALU16|ALU1:\G0:7:alu|fullAdder:Step4         ; fullAdder        ; work         ;
;       |mux2to1:Step1|          ; 1 (1)       ; 0            ; 0          ; 0    ; 0            ; 1 (1)        ; 0 (0)             ; 0 (0)            ; 0 (0)           ; 0 (0)      ; |ALU16|ALU1:\G0:7:alu|mux2to1:Step1           ; mux2to1          ; work         ;
;       |mux4to1Component:Step6| ; 3 (3)       ; 0            ; 0          ; 0    ; 0            ; 3 (3)        ; 0 (0)             ; 0 (0)            ; 0 (0)           ; 0 (0)      ; |ALU16|ALU1:\G0:7:alu|mux4to1Component:Step6  ; mux4to1Component ; work         ;
;    |ALU1:\G0:8:alu|            ; 6 (0)       ; 0            ; 0          ; 0    ; 0            ; 6 (0)        ; 0 (0)             ; 0 (0)            ; 0 (0)           ; 0 (0)      ; |ALU16|ALU1:\G0:8:alu                         ; ALU1             ; work         ;
;       |fullAdder:Step4|        ; 1 (1)       ; 0            ; 0          ; 0    ; 0            ; 1 (1)        ; 0 (0)             ; 0 (0)            ; 0 (0)           ; 0 (0)      ; |ALU16|ALU1:\G0:8:alu|fullAdder:Step4         ; fullAdder        ; work         ;
;       |mux2to1:Step0|          ; 1 (1)       ; 0            ; 0          ; 0    ; 0            ; 1 (1)        ; 0 (0)             ; 0 (0)            ; 0 (0)           ; 0 (0)      ; |ALU16|ALU1:\G0:8:alu|mux2to1:Step0           ; mux2to1          ; work         ;
;       |mux2to1:Step1|          ; 1 (1)       ; 0            ; 0          ; 0    ; 0            ; 1 (1)        ; 0 (0)             ; 0 (0)            ; 0 (0)           ; 0 (0)      ; |ALU16|ALU1:\G0:8:alu|mux2to1:Step1           ; mux2to1          ; work         ;
;       |mux4to1Component:Step6| ; 2 (2)       ; 0            ; 0          ; 0    ; 0            ; 2 (2)        ; 0 (0)             ; 0 (0)            ; 0 (0)           ; 0 (0)      ; |ALU16|ALU1:\G0:8:alu|mux4to1Component:Step6  ; mux4to1Component ; work         ;
;       |xor_2:Step5|            ; 1 (1)       ; 0            ; 0          ; 0    ; 0            ; 1 (1)        ; 0 (0)             ; 0 (0)            ; 0 (0)           ; 0 (0)      ; |ALU16|ALU1:\G0:8:alu|xor_2:Step5             ; xor_2            ; work         ;
;    |ALU1:\G0:9:alu|            ; 5 (0)       ; 0            ; 0          ; 0    ; 0            ; 5 (0)        ; 0 (0)             ; 0 (0)            ; 0 (0)           ; 0 (0)      ; |ALU16|ALU1:\G0:9:alu                         ; ALU1             ; work         ;
;       |fullAdder:Step4|        ; 1 (1)       ; 0            ; 0          ; 0    ; 0            ; 1 (1)        ; 0 (0)             ; 0 (0)            ; 0 (0)           ; 0 (0)      ; |ALU16|ALU1:\G0:9:alu|fullAdder:Step4         ; fullAdder        ; work         ;
;       |mux2to1:Step1|          ; 1 (1)       ; 0            ; 0          ; 0    ; 0            ; 1 (1)        ; 0 (0)             ; 0 (0)            ; 0 (0)           ; 0 (0)      ; |ALU16|ALU1:\G0:9:alu|mux2to1:Step1           ; mux2to1          ; work         ;
;       |mux4to1Component:Step6| ; 3 (3)       ; 0            ; 0          ; 0    ; 0            ; 3 (3)        ; 0 (0)             ; 0 (0)            ; 0 (0)           ; 0 (0)      ; |ALU16|ALU1:\G0:9:alu|mux4to1Component:Step6  ; mux4to1Component ; work         ;
;    |controller:Step0|          ; 4 (4)       ; 0            ; 0          ; 0    ; 0            ; 4 (4)        ; 0 (0)             ; 0 (0)            ; 0 (0)           ; 0 (0)      ; |ALU16|controller:Step0                       ; controller       ; work         ;
;    |xor_2:checkOverflow3|      ; 1 (1)       ; 0            ; 0          ; 0    ; 0            ; 1 (1)        ; 0 (0)             ; 0 (0)            ; 0 (0)           ; 0 (0)      ; |ALU16|xor_2:checkOverflow3                   ; xor_2            ; work         ;
+--------------------------------+-------------+--------------+------------+------+--------------+--------------+-------------------+------------------+-----------------+------------+-----------------------------------------------+------------------+--------------+
Note: For table entries with two numbers listed, the numbers in parentheses indicate the number of resources of the given type used by the specific entity alone. The numbers listed outside of parentheses indicate the total resources of the given type used by the specific entity and all of its sub-entities in the hierarchy.


+---------------------------------------------+
; Delay Chain Summary                         ;
+------------------+----------+---------------+
; Name             ; Pin Type ; Pad to Core 0 ;
+------------------+----------+---------------+
; res[0]           ; Output   ; --            ;
; res[1]           ; Output   ; --            ;
; res[2]           ; Output   ; --            ;
; res[3]           ; Output   ; --            ;
; res[4]           ; Output   ; --            ;
; res[5]           ; Output   ; --            ;
; res[6]           ; Output   ; --            ;
; res[7]           ; Output   ; --            ;
; res[8]           ; Output   ; --            ;
; res[9]           ; Output   ; --            ;
; res[10]          ; Output   ; --            ;
; res[11]          ; Output   ; --            ;
; res[12]          ; Output   ; --            ;
; res[13]          ; Output   ; --            ;
; res[14]          ; Output   ; --            ;
; res[15]          ; Output   ; --            ;
; carryOut         ; Output   ; --            ;
; isOVerflow       ; Output   ; --            ;
; b[0]             ; Input    ; (1)           ;
; operationCode[1] ; Input    ; (1)           ;
; operationCode[2] ; Input    ; (1)           ;
; operationCode[0] ; Input    ; (1)           ;
; a[0]             ; Input    ; (1)           ;
; b[1]             ; Input    ; (1)           ;
; a[1]             ; Input    ; (1)           ;
; b[2]             ; Input    ; (1)           ;
; a[2]             ; Input    ; (1)           ;
; b[3]             ; Input    ; (1)           ;
; a[3]             ; Input    ; (1)           ;
; b[4]             ; Input    ; (1)           ;
; a[4]             ; Input    ; (1)           ;
; b[5]             ; Input    ; (1)           ;
; a[5]             ; Input    ; (1)           ;
; b[6]             ; Input    ; (1)           ;
; a[6]             ; Input    ; (1)           ;
; b[7]             ; Input    ; (1)           ;
; a[7]             ; Input    ; (1)           ;
; b[8]             ; Input    ; (1)           ;
; a[8]             ; Input    ; (1)           ;
; b[9]             ; Input    ; (1)           ;
; a[9]             ; Input    ; (1)           ;
; b[10]            ; Input    ; (1)           ;
; a[10]            ; Input    ; (1)           ;
; b[11]            ; Input    ; (1)           ;
; a[11]            ; Input    ; (1)           ;
; b[12]            ; Input    ; (1)           ;
; a[12]            ; Input    ; (1)           ;
; b[13]            ; Input    ; (1)           ;
; a[13]            ; Input    ; (1)           ;
; b[14]            ; Input    ; (1)           ;
; a[14]            ; Input    ; (1)           ;
; b[15]            ; Input    ; (1)           ;
; a[15]            ; Input    ; (1)           ;
+------------------+----------+---------------+


+--------------------------------------------+
; Routing Usage Summary                      ;
+-----------------------+--------------------+
; Routing Resource Type ; Usage              ;
+-----------------------+--------------------+
; C4s                   ; 62 / 784 ( 8 % )   ;
; Direct links          ; 8 / 888 ( < 1 % )  ;
; Global clocks         ; 0 / 4 ( 0 % )      ;
; LAB clocks            ; 0 / 32 ( 0 % )     ;
; LUT chains            ; 3 / 216 ( 1 % )    ;
; Local interconnects   ; 130 / 888 ( 15 % ) ;
; R4s                   ; 34 / 704 ( 5 % )   ;
+-----------------------+--------------------+


+---------------------------------------------------------------------------+
; LAB Logic Elements                                                        ;
+--------------------------------------------+------------------------------+
; Number of Logic Elements  (Average = 9.20) ; Number of LABs  (Total = 10) ;
+--------------------------------------------+------------------------------+
; 1                                          ; 0                            ;
; 2                                          ; 1                            ;
; 3                                          ; 0                            ;
; 4                                          ; 0                            ;
; 5                                          ; 0                            ;
; 6                                          ; 0                            ;
; 7                                          ; 0                            ;
; 8                                          ; 0                            ;
; 9                                          ; 0                            ;
; 10                                         ; 9                            ;
+--------------------------------------------+------------------------------+


+----------------------------------------------------------------------------+
; LAB Signals Sourced                                                        ;
+---------------------------------------------+------------------------------+
; Number of Signals Sourced  (Average = 9.20) ; Number of LABs  (Total = 10) ;
+---------------------------------------------+------------------------------+
; 0                                           ; 0                            ;
; 1                                           ; 0                            ;
; 2                                           ; 1                            ;
; 3                                           ; 0                            ;
; 4                                           ; 0                            ;
; 5                                           ; 0                            ;
; 6                                           ; 0                            ;
; 7                                           ; 0                            ;
; 8                                           ; 0                            ;
; 9                                           ; 0                            ;
; 10                                          ; 9                            ;
+---------------------------------------------+------------------------------+


+--------------------------------------------------------------------------------+
; LAB Signals Sourced Out                                                        ;
+-------------------------------------------------+------------------------------+
; Number of Signals Sourced Out  (Average = 3.90) ; Number of LABs  (Total = 10) ;
+-------------------------------------------------+------------------------------+
; 0                                               ; 0                            ;
; 1                                               ; 0                            ;
; 2                                               ; 1                            ;
; 3                                               ; 6                            ;
; 4                                               ; 0                            ;
; 5                                               ; 1                            ;
; 6                                               ; 1                            ;
; 7                                               ; 0                            ;
; 8                                               ; 1                            ;
+-------------------------------------------------+------------------------------+


+-----------------------------------------------------------------------------+
; LAB Distinct Inputs                                                         ;
+----------------------------------------------+------------------------------+
; Number of Distinct Inputs  (Average = 10.80) ; Number of LABs  (Total = 10) ;
+----------------------------------------------+------------------------------+
; 0                                            ; 0                            ;
; 1                                            ; 0                            ;
; 2                                            ; 0                            ;
; 3                                            ; 0                            ;
; 4                                            ; 1                            ;
; 5                                            ; 0                            ;
; 6                                            ; 0                            ;
; 7                                            ; 0                            ;
; 8                                            ; 0                            ;
; 9                                            ; 0                            ;
; 10                                           ; 1                            ;
; 11                                           ; 2                            ;
; 12                                           ; 6                            ;
+----------------------------------------------+------------------------------+


+-------------------------------------------------------------------------+
; Fitter Device Options                                                   ;
+----------------------------------------------+--------------------------+
; Option                                       ; Setting                  ;
+----------------------------------------------+--------------------------+
; Enable user-supplied start-up clock (CLKUSR) ; Off                      ;
; Enable device-wide reset (DEV_CLRn)          ; Off                      ;
; Enable device-wide output enable (DEV_OE)    ; Off                      ;
; Enable INIT_DONE output                      ; Off                      ;
; Configuration scheme                         ; Passive Serial           ;
; Reserve all unused pins                      ; As output driving ground ;
+----------------------------------------------+--------------------------+


+-----------------+
; Fitter Messages ;
+-----------------+
Warning (18236): Number of processors has not been specified which may cause overloading on shared machines.  Set the global assignment NUM_PARALLEL_PROCESSORS in your QSF to an appropriate value for best performance.
Info (20030): Parallel compilation is enabled and will use 16 of the 16 processors detected
Info (119004): Automatically selected device 5M160ZT100C4 for design Project
Info (119005): Fitting design with smaller device may be possible, but smaller device must be specified
Info (171003): Fitter is performing an Auto Fit compilation, which may decrease Fitter effort to reduce compilation time
Warning (292013): Feature LogicLock is only available with a valid subscription license. You can purchase a software subscription to gain full access to this feature.
Info (176444): Device migration not selected. If you intend to use device migration later, you may need to change the pin assignments as they may be incompatible with other devices
    Info (176445): Device 5M80ZT100C4 is compatible
    Info (176445): Device 5M240ZT100C4 is compatible
    Info (176445): Device 5M570ZT100C4 is compatible
Critical Warning (169085): No exact pin location assignment(s) for 53 pins of 53 total pins. For the list of pins please refer to the I/O Assignment Warnings table in the fitter report.
Critical Warning (332012): Synopsys Design Constraints File file not found: 'Project.sdc'. A Synopsys Design Constraints File is required by the Timing Analyzer to get proper timing constraints. Without it, the Compiler will not properly optimize the design.
Info (332144): No user constrained base clocks found in the design
Info (332096): The command derive_clocks did not find any clocks to derive.  No clocks were created or changed.
Warning (332068): No clocks defined in design.
Info (332128): Timing requirements not specified -- optimizing circuit to achieve the following default global requirements
    Info (332127): Assuming a default timing requirement
Info (332159): No clocks to report
Warning (332068): No clocks defined in design.
Info (186079): Completed User Assigned Global Signals Promotion Operation
Info (186079): Completed Auto Global Promotion Operation
Info (176234): Starting register packing
Info (186468): Started processing fast register assignments
Info (186469): Finished processing fast register assignments
Info (176235): Finished register packing
Info (176214): Statistics of I/O pins that need to be placed that use the same VCCIO and VREF, before I/O pin placement
    Info (176211): Number of I/O pins in group: 53 (unused VREF, 3.3V VCCIO, 35 input, 18 output, 0 bidirectional)
        Info (176212): I/O standards used: 3.3-V LVTTL.
Info (176215): I/O bank details before I/O pin placement
    Info (176214): Statistics of I/O banks
        Info (176213): I/O bank number 1 does not use VREF pins and has undetermined VCCIO pins. 0 total pin(s) used --  38 pins available
        Info (176213): I/O bank number 2 does not use VREF pins and has undetermined VCCIO pins. 0 total pin(s) used --  41 pins available
Info (171121): Fitter preparation operations ending: elapsed time is 00:00:00
Info (14896): Fitter has disabled Advanced Physical Optimization because it is not supported for the current family.
Info (170189): Fitter placement preparation operations beginning
Info (170190): Fitter placement preparation operations ending: elapsed time is 00:00:00
Info (170191): Fitter placement operations beginning
Info (170137): Fitter placement was successful
Info (170192): Fitter placement operations ending: elapsed time is 00:00:00
Info (170193): Fitter routing operations beginning
Info (170195): Router estimated average interconnect usage is 8% of the available device resources
    Info (170196): Router estimated peak interconnect usage is 8% of the available device resources in the region that extends from location X0_Y0 to location X8_Y5
Info (170199): The Fitter performed an Auto Fit compilation.  Optimizations were skipped to reduce compilation time.
    Info (170201): Optimizations that may affect the design's routability were skipped
    Info (170200): Optimizations that may affect the design's timing were skipped
Info (170194): Fitter routing operations ending: elapsed time is 00:00:00
Info (11888): Total time spent on timing analysis during the Fitter is 0.03 seconds.
Info (11218): Fitter post-fit operations ending: elapsed time is 00:00:00
Warning (169174): The Reserve All Unused Pins setting has not been specified, and will default to 'As output driving ground'.
Info (144001): Generated suppressed messages file C:/Users/Anastasis/OneDrive/Desktop/ALU_Project/output_files/Project.fit.smsg
Info: Quartus Prime Fitter was successful. 0 errors, 7 warnings
    Info: Peak virtual memory: 6150 megabytes
    Info: Processing ended: Tue May 25 21:50:23 2021
    Info: Elapsed time: 00:00:01
    Info: Total CPU time (on all processors): 00:00:01


+----------------------------+
; Fitter Suppressed Messages ;
+----------------------------+
The suppressed messages can be found in C:/Users/Anastasis/OneDrive/Desktop/ALU_Project/output_files/Project.fit.smsg.


